C51 COMPILER V7.06   MAIN                                                                  05/23/2017 09:28:38 PAGE 1   


C51 COMPILER V7.06, COMPILATION OF MODULE MAIN
OBJECT MODULE PLACED IN main.OBJ
COMPILER INVOKED BY: E:\Keil\C51\BIN\C51.EXE main.c BROWSE DEBUG OBJECTEXTEND

stmt level    source

   1          #include<reg52.h>
   2          #include<intrins.h>
   3          #include "1602.h"
   4          #include "delay.h"
   5          #include "18b20.h"
   6          #include "stdio.h"
   7          void main(void)
   8          {
   9   1      int temp;
  10   1      float temperature;
  11   1      char distemp[16];
  12   1      LCD_Init();//場宎趙
  13   1      LCD_Clear();//ьそ
  14   1      LCD_Write_Char(3,0,'i');
  15   1      LCD_Write_Char(5,0,'l');
  16   1      LCD_Write_Char(6,0,'o');
  17   1      LCD_Write_Char(7,0,'v');
  18   1      LCD_Write_Char(8,0,'e');
  19   1      LCD_Write_Char(10,0,'y');
  20   1      LCD_Write_Char(11,0,'o');
  21   1      LCD_Write_Char(12,0,'u');
  22   1      while(1){
  23   2      temp=ReadTemperature();
  24   2      temperature=temp*0.0625;
  25   2      sprintf(distemp,"Temp %7.3f",temperature);
  26   2      LCD_Write_String(1,1,distemp);
  27   2      DelayMs(50);
  28   2      }//LCD_Write_String(1,1,"平立用戊 玄布旦平母 ");
  29   1      }
  30          


MODULE INFORMATION:   STATIC OVERLAYABLE
   CODE SIZE        =    159    ----
   CONSTANT SIZE    =     11    ----
   XDATA SIZE       =   ----    ----
   PDATA SIZE       =   ----    ----
   DATA SIZE        =   ----      22
   IDATA SIZE       =   ----    ----
   BIT SIZE         =   ----    ----
END OF MODULE INFORMATION.


C51 COMPILATION COMPLETE.  0 WARNING(S),  0 ERROR(S)
